---
source: src/format/text.rs
expression: s
---
POWER REQUEST STATUS
==================================================

[SYSTEM INHIBITORS]
------------------------------
  Process: firefox (PID: 12345)
    User: 1000
    Blocks: sleep:idle
    Reason: Playing audio


[KERNEL WAKE LOCKS]
------------------------------
  audio

[AUDIO STREAMS]
------------------------------
  Stream ID: 123
    Client: Firefox (firefox, PID: 12345)
  Stream ID: 124
    Client: Spotify (PID: 7775)

[VIRTUAL MACHINES]
------------------------------
  QEMU/KVM VM (PID: 5678)

==================================================
Total sleep blockers found: 6
