---
source: src/format/text.rs
expression: s
---
POWER REQUEST STATUS
==================================================

[SYSTEM INHIBITORS]
------------------------------

[KERNEL WAKE LOCKS]
------------------------------
  None.

[AUDIO STREAMS]
------------------------------
  None.

[VIRTUAL MACHINES]
------------------------------
  None.

==================================================
Total sleep blockers found: 2
