---
source: tests/cli_help.rs
assertion_line: 54
expression: stdout
---
Display available sleep states and configuration

Usage: powercfg sleepstates [OPTIONS]

Options:
      --json
          Emit the report as JSON instead of formatted text.
          
          See `docs/json-schema.md` for the per-command output shape.

  -v, --verbose
          Show additional details

  -h, --help
          Print help (see a summary with '-h')
