---
source: tests/cli_help.rs
assertion_line: 68
expression: stdout
---
Display energy and power status

Usage: powercfg energy [OPTIONS]

Options:
      --json
          Emit the report as JSON instead of formatted text.
          
          See `docs/json-schema.md` for the per-command output shape.

  -v, --verbose
          Show additional details

  -h, --help
          Print help (see a summary with '-h')
