---
source: tests/cli_help.rs
assertion_line: 34
expression: stdout
---
Display information about the last wake event

Usage: powercfg lastwake [OPTIONS]

Options:
      --json
          Emit the report as JSON instead of formatted text.
          
          See `docs/json-schema.md` for the per-command output shape.

  -v, --verbose
          Show additional information (ACPI devices, kernel messages)

  -n, --history <N>
          Show last N sleep/wake events

  -h, --help
          Print help (see a summary with '-h')
