---
source: tests/cli_help.rs
assertion_line: 44
expression: stdout
---
Display devices that can wake the system

Usage: powercfg devicequery [OPTIONS]

Options:
      --json
          Emit the report as JSON instead of formatted text.
          
          See `docs/json-schema.md` for the per-command output shape.

  -v, --verbose
          Show wakeup statistics for devices

      --enabled-only
          Only show devices with wakeup enabled

  -h, --help
          Print help (see a summary with '-h')
